 MainKt.class
public typealias <1>SimpleClassAlias = testData.libraries.SimpleClass
