 main.kt
typealias <1>SimpleClassAlias = SimpleClass
